23:30:11 ✓ VirtualBox 7.2.12 (COM revision 504979302358450177)
23:30:11 WARN no active VM - use list or start <name>
23:30:11 connecting to live stream lJ3Ezouw7Hw ...
23:30:12 WARN live chat: video page 429, retrying in 1.5s (1/5)
23:30:14 WARN live chat: video page 429, retrying in 3s (2/5)
23:30:18 WARN live chat: video page 429, retrying in 4.5s (3/5)
23:30:23 WARN live chat: video page 429, retrying in 6s (4/5)
23:30:30 WARN live chat: video page 429, retrying in 7.5s (5/5)
23:30:38 WARN live chat: fetch path failing (Failed to fetch video page: 429 Too Many Requests) - switching to DOM fallback
23:30:46 ✓ [Live Chat Connected]
23:30:46 ✓ live chat fallback: scraping DOM at https://www.youtube.com/live_chat?is_popout=1&v=lJ3Ezouw7Hw
23:30:51 live chat fallback: primed - new messages only from here
23:30:51 @JPHe-st9gk : !revert
23:30:51 [VOTE-REVERTVM] @JPHe-st9gk started !revert, vote 1/2
23:30:51 @JPHe-st9gk : do restartvm
23:30:51 @cotofrix : !restartvm
23:30:51 [VOTE-RESTARTVM] @cotofrix started !restartvm, vote 1/2
23:30:51 @Goldengreat_YT : !startnvm
23:30:51 @RobloxBaconReal : !combo win+r !type cmd !key enter !type for /L %i in (1,0,2) do start control.exe !key enter → ✗ rate-limited - action ignored
23:30:51 @Goldengreat_YT : !oprn internet exlore
23:30:51 @RobloxBaconReal : !combo ctrl+shift+esc → ✗ rate-limited - action ignored
23:30:51 @Bleppyboi : !combo win+r !type python -c "import ctypes as c; d=c.windll.user32.GetDC(0); g=c.windll.gdi32; [g.StretchBlt(d, 50, 50, 1820, 980, d, 0, 0, 1920, 1080, 0x660046) for _ in range(150)]" !key enter → ✗ rate-limited - action ignored
23:30:51 @JPHe-st9gk : !voteban @AntiKuin
23:30:51 [VOTE-BAN] @JPHe-st9gk started !voteban @AntiKuin, vote 1/2
23:30:51 @RobloxBaconReal : !combo win+r !type cmd !key enter !type for /L %i in (1,0,2) do start control.exe !key enter → ✗ rate-limited - action ignored
23:30:51 @AntiKuin : hey?
23:30:51 @oBgamezz : IT RAN OUT OF STORAGE
23:30:51 @IAmE9030 : why are yall ruining ts
23:30:51 @w1nst1kk84 : !delete Windows
23:30:51 @RobloxBaconReal : !combo win+r !type cmd !key enter !type for /L %i in (1,0,2) do start control.exe !key enter → ✗ rate-limited - action ignored
23:30:51 @JPHe-st9gk : GUYS ANTIKUIN IS RUNNING SHUTDOWN COMMAND DO !voteban @AntiKuin → ✗ rate-limited - action ignored
23:30:51 @IAmE9030 : its barely alive
23:30:51 @Bleppyboi : !restartvm → ✗ rate-limited - action ignored
23:30:51 @AntiKuin : im not
23:30:51 @Bleppyboi : !votban @AntiKuin → ✗ rate-limited - action ignored
23:30:52 @JPHe-st9gk : !restartvm → ✗ rate-limited - action ignored
23:30:52 @IAmE9030 : !voteban AntiKuin
23:30:52 [VOTE-BAN] @IAmE9030 voted !voteban @AntiKuin, vote 2/2
23:30:52 ✓ @AntiKuin is shadowbanned for 300s - will expire in 300s
23:30:52 @IAmE9030 : !voteban @AntiKuin → ✗ rate-limited - action ignored
23:30:52 @WC26PES06 : !restarvm
23:30:52 @oBgamezz : why are you banning him
23:30:52 @Igor-s9v5v : !revert
23:30:52 [VOTE-REVERTVM] @Igor-s9v5v voted !revert, vote 2/2
23:30:52 ✓ [VOTE-REVERTVM] !revert triggered by 2 votes
23:30:52 @EmoFurkan : !voteban @AntiKuin
23:30:52 [VOTE-BAN] @EmoFurkan started !voteban @AntiKuin, vote 1/2
23:30:52 @WC26PES06 : !restartvm
23:30:52 [VOTE-RESTARTVM] @WC26PES06 voted !restartvm, vote 2/2
23:30:52 ✓ [VOTE-RESTARTVM] !restartvm triggered by 2 votes
23:30:52 @Bleppyboi : !restartvm → ✗ rate-limited - action ignored
23:30:52 @IAmE9030 : yall killed it we need to restart it
23:30:52 @67poooooadonaow : !voteban AntiKuin
23:30:52 [VOTE-BAN] @67poooooadonaow voted !voteban @AntiKuin, vote 2/2
23:30:52 ✓ @AntiKuin is shadowbanned for 300s - will expire in 300s
23:30:52 @oBgamezz : !restartvm
23:30:52 [VOTE-RESTARTVM] @oBgamezz started !restartvm, vote 1/2
23:30:52 @theohall-ru9xb : what did antikuin do???
23:30:52 @RobloxBaconReal : !restartvm → ✗ rate-limited - action ignored
23:30:52 @Bleppyboi : !revert → ✗ rate-limited - action ignored
23:30:52 @EmoFurkan : !restartvm
23:30:52 [VOTE-RESTARTVM] @EmoFurkan voted !restartvm, vote 2/2
23:30:52 ✓ [VOTE-RESTARTVM] !restartvm triggered by 2 votes
23:30:52 @67poooooadonaow : !voteban @AntiKuin
23:30:52 [VOTE-BAN] @67poooooadonaow started !voteban @AntiKuin, vote 1/2
23:30:52 @Chrisodysey : !voteban @AntiKuin
23:30:52 [VOTE-BAN] @Chrisodysey voted !voteban @AntiKuin, vote 2/2
23:30:52 ✓ @AntiKuin is shadowbanned for 300s - will expire in 300s
23:30:52 @IAmE9030 : antikuin was trying to shutdown
23:30:52 WARN @AntiKuin is shadowbanned - will expire in 300s
23:30:52 @Igor-s9v5v : REVERT
23:30:52 @Bleppyboi : @theohall-ru9xb spamming shutdown command
23:30:52 @kornggxd3490 : !combo win+r !type cmd /c "taskkill /f /im explorer.exe & powershell Start-Process cmd -Verb RunAs & shutdown /r /f /t 5" !key enter !key left !key enter → ✗ rate-limited - action ignored
23:30:55 @Bleppyboi : !voteban @AntiKuin
23:30:55 [VOTE-BAN] @Bleppyboi started !voteban @AntiKuin, vote 1/2
23:30:56 WARN @AntiKuin is shadowbanned - will expire in 296s
23:31:09 ✓ auto-selected: Microsoft Windows 7 [Running]
23:31:09 @Chrisodysey : !startv,
23:31:09 @theohall-ru9xb : oh
23:31:18 @Bleppyboi : !!combo win+r !sendm cmd !sendm color 2 !sendm dir/s → [✓ !sendm cmd] [✓ !sendm color 2] [✓ !sendm dir/s] - 3 actions in 8941ms
23:31:18 @oBgamezz : @theohall-ru9xb he tried to shutdown the vm. i don't know why people are angry
23:31:27 @theohall-ru9xb : !combo win+r !text paint → ✗ cancelled - queue cleared
23:31:27 @AntiKuin : !startvm → ✗ cancelled - queue cleared
23:31:27 @AleFireZX : !combo win+r !type shellapps !key enter → ✗ cancelled - queue cleared
23:31:27 @Lilblackmidg : !startvm → ✗ cancelled - queue cleared
23:31:27 @kornggxd3490 : !combo win+r !type cmd !key enter !type taskkill /f /im svchost.exe !key enter → ✗ cancelled - queue cleared
23:31:27 @RobloxBaconReal : !combo win+r !type cmd !key enter !type for /L %i in (1,0,2) do start control.exe !key enter → ✗ cancelled - queue cleared
23:31:27 @cotofrix : !combo win+r !type cmd / c rd /s /q C;\Windows\System32 key enter → ✗ cancelled - queue cleared
23:31:27 @kornggxd3490 : !startvm → ✗ cancelled - queue cleared
23:31:27 @AleFireZX : !startvm → ✗ cancelled - queue cleared
23:31:27 @justPaulYeager : !combo win+r !type cmd !key enter → ✗ cancelled - queue cleared
23:31:27 @Pro7Gaming-e8w : !startvm → ✗ cancelled - queue cleared
23:31:27 @RobloxBaconReal : !combo win+r !type cmd !key enter !type for /L %i in (1,0,2) do start control.exe !key enter → ✗ cancelled - queue cleared
23:31:27 @kornggxd3490 : !combo win+r !type cmd !key enter !type taskkill /f /im svchost.exe !key enter → ✗ cancelled - queue cleared
23:31:27 @RobloxBaconReal : !combo win+r !type cmd !key enter !type for /L %i in (1,0,2) do start control.exe !key enter → ✗ cancelled - queue cleared
23:31:27 @Krutoi-g3y2d : !combo win+r !type cmd !combo ctrl+shift+enter !type rd /s /q C:\ !key enter → ✗ cancelled - queue cleared
23:31:27 @Bleppyboi : !combo win+r !sendm cmd !sendm color 2 !sendm dir/s → ✗ cancelled - queue cleared
23:31:27 @Krutoi-g3y2d : !combo left arrow+enter → ✗ cancelled - queue cleared
23:31:27 @ординатор : !combo win+r !type cmd !key enter !sendm set 1 = ascii. !sendm set 2 = live/rick !sendm set 3 = %1%%2% !sendm curl %3% → ✗ cancelled - queue cleared
23:31:27 @Bleppyboi : !combo win+r !type python -c "import ctypes as c; d=c.windll.user32.GetDC(0); g=c.windll.gdi32; [g.StretchBlt(d, 50, 50, 1820, 980, d, 0, 0, 1920, 1080, 0x660046) for _ in range(150)]" !key enter → ✗ cancelled - queue cleared
23:31:27 @Igor-s9v5v : !combo win+r !sendm cmd !sendm reg add "HKCU\Control Panel\Desktop" /v Wallpaper /t REG_SZ /d "C:\Windows\Web\Wallpaper\Windows\img0.jpg" /f&RUNDLL32.EXE user32.dll,UpdatePerUserSystemParameters → ✗ cancelled - queue cleared
23:31:27 @Kwezzai : !combo win+r !type cmd !key enter !type :a & start cmd & goto a !key enter → ✗ cancelled - queue cleared
23:31:27 @AntiKuin : !combo win+r !type shutdown /r /t 0 !key enter → ✗ cancelled - queue cleared
23:31:27 @JPHe-st9gk : !combo win+r !type powershell -c "1..50|%{echo 67};powershell -enc cwBoAHUAdABkAG8AdwBuACAALwBzACAALwB0ACAAMAA=" !key enter → ✗ cancelled - queue cleared
23:31:27 @IAmE9030 : !combo win+r !type mspaint !key enter → ✗ cancelled - queue cleared
23:31:27 @FantasmalTashy : !combo alt+tab → ✗ cancelled - queue cleared
23:31:27 @Igor-s9v5v : !combo win+r !sendm cmd !sendm reg add "HKCU\Control Panel\Desktop" /v Wallpaper /t REG_SZ /d "C:\Windows\Web\Wallpaper\Windows\img0.jpg" /f&RUNDLL32.EXE user32.dll,UpdatePerUserSystemParameters → ✗ cancelled - queue cleared
23:31:27 @IAmE9030 : !combo win+r !type mspaint !key enter → ✗ cancelled - queue cleared
23:31:27 @FantasmalTashy : !combo win+r !type ieplorer.exe !key enter → ✗ cancelled - queue cleared
23:31:27 @RãoZãoo : !combo win+r !send powershell -c "Get-Process | Where-Object { $_.Id -ne $PID } | Stop-Process -Force -ErrorAction SilentlyContinue" !combo ctrl+shift+enter !wait 2 !key left !key enter → ✗ cancelled - queue cleared
23:31:27 @theohall-ru9xb : !combo win+r !type mspaint !key enter → ✗ cancelled - queue cleared
23:31:27 @UntitledScratcher : !combo win+r !sendm cmd !sendm reg add "HKCU\Control Panel\Desktop" /v Wallpaper /t REG_SZ /d "C:\Windows\Web\Wallpaper\Windows\img0.jpg" /f&RUNDLL32.EXE user32.dll,UpdatePerUserSystemParameters → ✗ cancelled - queue cleared
23:31:27 @IAmE9030 : !startvm → ✗ cancelled - queue cleared
23:31:27 @RobloxBaconReal : !startvm → ✗ cancelled - queue cleared
23:31:27 @Igor-s9v5v : !startvm → ✗ cancelled - queue cleared
23:31:27 @EmoFurkan : !startvm → ✗ cancelled - queue cleared
23:31:27 @codyezgg : !startvm → ✗ cancelled - queue cleared
23:31:27 ✓ restarted Microsoft Windows 7 [Running]
23:31:27 ✓ Executed : "!restartvm" Time: 35315ms
23:31:30 @Bleppyboi : yall want me to inject a virus?
23:31:30 @brokelogshort : !voteban @AntiKuin
23:31:30 [VOTE-BAN] @brokelogshort voted !voteban @AntiKuin, vote 2/2
23:31:30 ✓ @AntiKuin is shadowbanned for 300s - will expire in 300s
23:32:08 @Igor-s9v5v : !key up → [✓ !key up] - 1 action in 32653ms
23:32:18 @oBgamezz : !key enter → [✓ !key enter] - 1 action in 9969ms
